
> vite_react_shadcn_ts@0.0.0 build
> vite build

[36mvite v5.4.19 [32mbuilding for production...[36m[39m
transforming...
[32mÔ£ô[39m 1676 modules transformed.
node.exe : [31mx[39m 
Build failed in 3.07s
At line:1 char:1
+ & "C:\Program 
Files\nodejs/node.exe" 
"C:\Program 
Files\nodejs/node_mo ...
+ ~~~~~~~~~~~~~~~~~~~~~~~~
~~~~~~~~~~~~~~~~~~~~~~~~~~
~~~~~~~~~~~~~~~~~~~
    + CategoryInfo        
      : NotSpecified: (  
  [31mx[39m Build fail   
 ed in 3.07s:String) [    
], RemoteException
    + FullyQualifiedError 
   Id : NativeCommandErr  
  or
 
[31merror during build:
[31m[vite-plugin-pwa:buil
d] Could not load C:\Users
\kotsi\Downloads\google_an
ti\MotionBus_AI\src/compon
ents/OperatorSelector 
(imported by src/component
s/layout/Header.tsx): 
ENOENT: no such file or 
directory, open 'C:\Users\
kotsi\Downloads\google_ant
i\MotionBus_AI\src\compone
nts\OperatorSelector'[31m
    at async open (node:in
ternal/fs/promises:642:25)
    at async 
Object.readFile (node:inte
rnal/fs/promises:1279:14)
    at async Object.load (
file:///C:/Users/kotsi/Dow
nloads/google_anti/MotionB
us_AI/node_modules/vite/di
st/node/chunks/dep-C6uTJdX
2.js:65341:25)
    at async PluginDriver.
hookFirstAndGetPlugin (fil
e:///C:/Users/kotsi/Downlo
ads/google_anti/MotionBus_
AI/node_modules/rollup/dis
t/es/shared/node-entry.js:
20630:28)
    at async file:///C:/Us
ers/kotsi/Downloads/google
_anti/MotionBus_AI/node_mo
dules/rollup/dist/es/share
d/node-entry.js:19750:33
    at async Queue.work (f
ile:///C:/Users/kotsi/Down
loads/google_anti/MotionBu
s_AI/node_modules/rollup/d
ist/es/shared/node-entry.j
s:20840:32)[39m
